(program
 (define a (void))
 (define b (void))
 (let ((t14 (tuple 1 2)))
   (set-global!
    a
    (let ((e16 t14))
      (let ((i15 0))
        (cond
         ((py-list? e16) (py-list-ref e16 i15))
         ((tuple? e16) (tuple-ref e16 i15))
         ((dict? e16) (dict-ref e16 i15))
         (else (error "cannot index object"))))))
   (set-global!
    b
    (let ((e18 t14))
      (let ((i17 1))
        (cond
         ((py-list? e18) (py-list-ref e18 i17))
         ((tuple? e18) (tuple-ref e18 i17))
         ((dict? e18) (dict-ref e18 i17))
         (else (error "cannot index object"))))))))

